backup_id=6e882cd3-0c77-4cba-bbd6-89b083dd7dc2, filename=guests/joseph_8956364864/booking_55/id_photo_1.jpeg
backup_id=6e882cd3-0c77-4cba-bbd6-89b083dd7dc2, filename=guests/joseph_8956364864/booking_55/id_photo_2.jpeg
backup_id=6e882cd3-0c77-4cba-bbd6-89b083dd7dc2, filename=guests/joseph_8956364864/booking_55/id_photo_3.jpeg
backup_id=6e882cd3-0c77-4cba-bbd6-89b083dd7dc2, filename=uploads/h10_101_20260713175657_WhatsApp_Image_2026-07-11_at_9.24.33_PM_1.jpeg
backup_id=6e882cd3-0c77-4cba-bbd6-89b083dd7dc2, filename=uploads/h10_101_20260713175657_WhatsApp_Image_2026-07-11_at_9.24.33_PM_-_Copy.jpeg
backup_id=6e882cd3-0c77-4cba-bbd6-89b083dd7dc2, filename=uploads/h10_101_20260713175657_WhatsApp_Image_2026-07-11_at_9.24.33_PM.jpeg
backup_id=6e882cd3-0c77-4cba-bbd6-89b083dd7dc2, filename=guests/joseph_8956364864/booking_55/id_photo_1.jpeg
backup_id=6e882cd3-0c77-4cba-bbd6-89b083dd7dc2, filename=guests/joseph_8956364864/booking_55/id_photo_2.jpeg
backup_id=6e882cd3-0c77-4cba-bbd6-89b083dd7dc2, filename=guests/joseph_8956364864/booking_55/id_photo_3.jpeg
backup_id=6e882cd3-0c77-4cba-bbd6-89b083dd7dc2, filename=uploads/h10_101_20260713175657_WhatsApp_Image_2026-07-11_at_9.24.33_PM_1.jpeg
backup_id=6e882cd3-0c77-4cba-bbd6-89b083dd7dc2, filename=uploads/h10_101_20260713175657_WhatsApp_Image_2026-07-11_at_9.24.33_PM_-_Copy.jpeg
backup_id=6e882cd3-0c77-4cba-bbd6-89b083dd7dc2, filename=uploads/h10_101_20260713175657_WhatsApp_Image_2026-07-11_at_9.24.33_PM.jpeg
backup_id=6e882cd3-0c77-4cba-bbd6-89b083dd7dc2, filename=uploads/h10_101_20260713175657_WhatsApp_Image_2026-07-11_at_9.24.33_PM_1.jpeg
backup_id=6b2868cd-497f-4bb6-8819-04dbd4db1745, filename=guests/joseph_8956364864/booking_58/id_photo_1.jpeg
backup_id=6b2868cd-497f-4bb6-8819-04dbd4db1745, filename=guests/joseph_8956364864/booking_58/id_photo_2.jpeg
backup_id=6b2868cd-497f-4bb6-8819-04dbd4db1745, filename=guests/joseph_8956364864/booking_58/id_photo_3.jpeg
backup_id=6b2868cd-497f-4bb6-8819-04dbd4db1745, filename=guests/undefined_8956364864/booking_57/id_photo_1.jpeg
backup_id=6b2868cd-497f-4bb6-8819-04dbd4db1745, filename=guests/undefined_8956364864/booking_56/id_photo_1.jpeg
backup_id=6b2868cd-497f-4bb6-8819-04dbd4db1745, filename=guests/undefined_8956364864/booking_56/id_photo_2.jpeg
backup_id=6b2868cd-497f-4bb6-8819-04dbd4db1745, filename=guests/joseph_8956364864/booking_55/id_photo_1.jpeg
backup_id=6b2868cd-497f-4bb6-8819-04dbd4db1745, filename=guests/joseph_8956364864/booking_55/id_photo_2.jpeg
backup_id=6b2868cd-497f-4bb6-8819-04dbd4db1745, filename=guests/joseph_8956364864/booking_55/id_photo_3.jpeg
backup_id=6b2868cd-497f-4bb6-8819-04dbd4db1745, filename=uploads/h10_101_20260713181759_WhatsApp_Image_2026-07-11_at_9.24.33_PM_1.jpeg
backup_id=6b2868cd-497f-4bb6-8819-04dbd4db1745, filename=uploads/h10_101_20260713180142_WhatsApp_Image_2026-07-11_at_9.24.33_PM_1.jpeg
backup_id=6b2868cd-497f-4bb6-8819-04dbd4db1745, filename=uploads/h10_101_20260713181759_WhatsApp_Image_2026-07-11_at_9.24.33_PM_-_Copy.jpeg
backup_id=6b2868cd-497f-4bb6-8819-04dbd4db1745, filename=uploads/h10_101_20260713181759_WhatsApp_Image_2026-07-11_at_9.24.33_PM.jpeg
backup_id=6b2868cd-497f-4bb6-8819-04dbd4db1745, filename=uploads/h10_101_20260713180142_WhatsApp_Image_2026-07-11_at_9.24.33_PM_-_Copy.jpeg
backup_id=6b2868cd-497f-4bb6-8819-04dbd4db1745, filename=uploads/h10_202_20260713180219_WhatsApp_Image_2026-07-11_at_9.24.33_PM_1.jpeg
backup_id=6b2868cd-497f-4bb6-8819-04dbd4db1745, filename=uploads/h10_101_20260713175657_WhatsApp_Image_2026-07-11_at_9.24.33_PM_1.jpeg
backup_id=6b2868cd-497f-4bb6-8819-04dbd4db1745, filename=uploads/h10_101_20260713175657_WhatsApp_Image_2026-07-11_at_9.24.33_PM_-_Copy.jpeg
backup_id=6b2868cd-497f-4bb6-8819-04dbd4db1745, filename=uploads/h10_101_20260713175657_WhatsApp_Image_2026-07-11_at_9.24.33_PM.jpeg
backup_id=6b2868cd-497f-4bb6-8819-04dbd4db1745, filename=uploads/h10_101_20260713181759_WhatsApp_Image_2026-07-11_at_9.24.33_PM_1.jpeg
backup_id=6b2868cd-497f-4bb6-8819-04dbd4db1745, filename=uploads/h10_101_20260713181759_WhatsApp_Image_2026-07-11_at_9.24.33_PM.jpeg
backup_id=01a5889d-b290-4f1f-90de-3c7b3c5779a1, filename=guests/joseph_8956364864/booking_58/id_photo_1.jpeg
backup_id=01a5889d-b290-4f1f-90de-3c7b3c5779a1, filename=guests/joseph_8956364864/booking_58/id_photo_2.jpeg
backup_id=01a5889d-b290-4f1f-90de-3c7b3c5779a1, filename=guests/joseph_8956364864/booking_58/id_photo_3.jpeg
backup_id=01a5889d-b290-4f1f-90de-3c7b3c5779a1, filename=guests/undefined_8956364864/booking_57/id_photo_1.jpeg
backup_id=01a5889d-b290-4f1f-90de-3c7b3c5779a1, filename=guests/undefined_8956364864/booking_56/id_photo_1.jpeg
backup_id=01a5889d-b290-4f1f-90de-3c7b3c5779a1, filename=guests/undefined_8956364864/booking_56/id_photo_2.jpeg
backup_id=01a5889d-b290-4f1f-90de-3c7b3c5779a1, filename=guests/joseph_8956364864/booking_55/id_photo_1.jpeg
backup_id=01a5889d-b290-4f1f-90de-3c7b3c5779a1, filename=guests/joseph_8956364864/booking_55/id_photo_3.jpeg
backup_id=01a5889d-b290-4f1f-90de-3c7b3c5779a1, filename=uploads/h10_101_20260713181759_WhatsApp_Image_2026-07-11_at_9.24.33_PM_1.jpeg
backup_id=01a5889d-b290-4f1f-90de-3c7b3c5779a1, filename=uploads/h10_101_20260713181759_WhatsApp_Image_2026-07-11_at_9.24.33_PM.jpeg
backup_id=01a5889d-b290-4f1f-90de-3c7b3c5779a1, filename=uploads/h10_101_20260713181759_WhatsApp_Image_2026-07-11_at_9.24.33_PM_-_Copy.jpeg
backup_id=01a5889d-b290-4f1f-90de-3c7b3c5779a1, filename=uploads/h10_202_20260713180219_WhatsApp_Image_2026-07-11_at_9.24.33_PM_1.jpeg
backup_id=01a5889d-b290-4f1f-90de-3c7b3c5779a1, filename=uploads/h10_101_20260713175657_WhatsApp_Image_2026-07-11_at_9.24.33_PM_1.jpeg
backup_id=01a5889d-b290-4f1f-90de-3c7b3c5779a1, filename=uploads/h10_101_20260713180142_WhatsApp_Image_2026-07-11_at_9.24.33_PM_-_Copy.jpeg
backup_id=01a5889d-b290-4f1f-90de-3c7b3c5779a1, filename=uploads/h10_101_20260713180142_WhatsApp_Image_2026-07-11_at_9.24.33_PM_1.jpeg
backup_id=01a5889d-b290-4f1f-90de-3c7b3c5779a1, filename=uploads/h10_101_20260713175657_WhatsApp_Image_2026-07-11_at_9.24.33_PM_-_Copy.jpeg
backup_id=01a5889d-b290-4f1f-90de-3c7b3c5779a1, filename=uploads/h10_101_20260713175657_WhatsApp_Image_2026-07-11_at_9.24.33_PM.jpeg
backup_id=01a5889d-b290-4f1f-90de-3c7b3c5779a1, filename=uploads/h10_101_20260713181759_WhatsApp_Image_2026-07-11_at_9.24.33_PM_-_Copy.jpeg
